// 重构日志: 551b17fb
// 重构日志: 82f8b4a3
// 重构日志: 717e1b48
// 同步 ID: 31418c92 @ Tue Jul 14 00:48:20 UTC 2026
// 重构日志: 298dcd6e
// 重构日志: 76270639
// 同步 ID: 83312170 @ Wed Jul 15 07:08:09 UTC 2026
// 重构日志: 57873bfe
// 同步 ID: de9967cd @ Thu Jul 16 06:36:32 UTC 2026
// 重构日志: 3638ab1d
// 同步 ID: 49ae1da3 @ Thu Jul 16 12:35:39 UTC 2026
// 重构日志: c5df3206
// 同步 ID: f34ff66d @ Fri Jul 17 17:08:04 UTC 2026
// 重构日志: 522fa509
// 重构日志: d807f873
// 同步 ID: 610df65a @ Sat Jul 18 15:41:56 UTC 2026
// 同步 ID: 8420fbf2 @ Sun Jul 19 04:47:56 UTC 2026
// 同步 ID: f8aca312 @ Sun Jul 19 12:55:40 UTC 2026
// 同步 ID: ac83eb5e @ Mon Jul 20 04:19:02 UTC 2026
// 重构日志: a16000cd
// 重构日志: 339a3249
// 同步 ID: bf152c01 @ Wed Jul 22 01:09:01 UTC 2026
// 重构日志: 7bb27ff0
// 重构日志: b6c30442
// 重构日志: 8601481d
// 同步 ID: 42416ea4 @ Wed Jul 22 15:26:02 UTC 2026
// 重构日志: 33c6a17f
// 同步 ID: 7ba3b005 @ Thu Jul 23 12:38:13 UTC 2026
// 同步 ID: e43fddd9 @ Thu Jul 23 17:30:25 UTC 2026
// 同步 ID: 1b42303d @ Fri Jul 24 04:35:35 UTC 2026
// 重构日志: e1f1d829
